type: float
14.000000
14.000000
14.000000
14.000000

