result code = 0
standard error = {
}
standard output = {
{
    "parameters": [

    ],
    "entryPoints": [
        {
            "name": "computeMain",
            "stage": "compute",
            "parameters": [
                {
                    "name": "bindlessStruct",
                    "bindings": [
                        {"kind": "shaderResource", "index": 0},
                        {"kind": "constantBuffer", "index": 1},
                        {"kind": "uniform", "offset": 0, "size": 32, "elementStride": 0}
                    ],
                    "type": {
                        "kind": "struct",
                        "name": "BindlessData",
                        "fields": [
                            {
                                "name": "data1",
                                "type": {
                                    "kind": "vector",
                                    "elementCount": 4,
                                    "elementType": {
                                        "kind": "scalar",
                                        "scalarType": "float32"
                                    }
                                },
                                "binding": {"kind": "uniform", "offset": 0, "size": 16, "elementStride": 4}
                            },
                            {
                                "name": "textureHandle",
                                "type": {
                                    "kind": "resource",
                                    "baseShape": "texture2D",
                                    "resultType": {
                                        "kind": "vector",
                                        "elementCount": 4,
                                        "elementType": {
                                            "kind": "scalar",
                                            "scalarType": "float32"
                                        }
                                    }
                                },
                                "binding": {"kind": "shaderResource", "index": 0}
                            },
                            {
                                "name": "bufferHandle",
                                "type": {
                                    "kind": "resource",
                                    "baseShape": "structuredBuffer",
                                    "access": "readWrite",
                                    "resultType": {
                                        "kind": "vector",
                                        "elementCount": 4,
                                        "elementType": {
                                            "kind": "scalar",
                                            "scalarType": "float32"
                                        }
                                    }
                                },
                                "binding": {"kind": "constantBuffer", "index": 0}
                            },
                            {
                                "name": "data2",
                                "type": {
                                    "kind": "vector",
                                    "elementCount": 4,
                                    "elementType": {
                                        "kind": "scalar",
                                        "scalarType": "float32"
                                    }
                                },
                                "binding": {"kind": "uniform", "offset": 16, "size": 16, "elementStride": 4}
                            }
                        ]
                    }
                }
            ],
            "threadGroupSize": [1, 1, 1]
        }
    ]
}
}
